// Jest Snapshot v1, https://goo.gl/fbAQLP

exports[`Available Integration Card View Test Renders nginx integration card view using dummy data 1`] = `
Array [
  <EuiFlexGroup
    gutterSize="l"
    style={
      Object {
        "flexWrap": "wrap",
      }
    }
  >
    <div
      className="euiFlexGroup euiFlexGroup--gutterLarge euiFlexGroup--directionRow euiFlexGroup--responsive"
      style={
        Object {
          "flexWrap": "wrap",
        }
      }
    >
      <EuiFlexItem
        key="0"
        style={
          Object {
            "maxWidth": "14rem",
            "minWidth": "14rem",
          }
        }
      >
        <div
          className="euiFlexItem"
          style={
            Object {
              "maxWidth": "14rem",
              "minWidth": "14rem",
            }
          }
        >
          <EuiCard
            data-test-subj="integration_card_nginx"
            description="Nginx HTTP server collector"
            icon={
              <img
                alt=""
                className="synopsisIcon"
                src="/api/integrations/repository/nginx/static/logo"
                style={
                  Object {
                    "height": 100,
                    "width": 100,
                  }
                }
              />
            }
            onClick={[Function]}
            title="nginx"
            titleElement="span"
          >
            <EuiPanel
              className="euiCard euiCard--centerAligned euiCard--isClickable euiCard--hasIcon"
              data-test-subj="integration_card_nginx"
              element="div"
              hasShadow={true}
              onClick={[Function]}
            >
              <div
                className="euiPanel euiPanel--paddingMedium euiPanel--borderRadiusMedium euiPanel--plain euiPanel--hasShadow euiPanel--isClickable euiCard euiCard--centerAligned euiCard--isClickable euiCard--hasIcon"
                data-test-subj="integration_card_nginx"
                onClick={[Function]}
              >
                <div
                  className="euiCard__top"
                >
                  <img
                    alt=""
                    className="synopsisIcon euiCard__icon"
                    src="/api/integrations/repository/nginx/static/logo"
                    style={
                      Object {
                        "height": 100,
                        "width": 100,
                      }
                    }
                  />
                </div>
                <div
                  className="euiCard__content"
                >
                  <EuiTitle
                    className="euiCard__title"
                    id="random_html_idTitle"
                    size="s"
                  >
                    <span
                      className="euiTitle euiTitle--small euiCard__title"
                      id="random_html_idTitle"
                    >
                      <button
                        aria-describedby=" random_html_idDescription"
                        className="euiCard__titleButton"
                        disabled={false}
                        onClick={[Function]}
                      >
                        nginx
                      </button>
                    </span>
                  </EuiTitle>
                  <EuiText
                    className="euiCard__description"
                    id="random_html_idDescription"
                    size="s"
                  >
                    <div
                      className="euiText euiText--small euiCard__description"
                      id="random_html_idDescription"
                    >
                      <p>
                        Nginx HTTP server collector
                      </p>
                    </div>
                  </EuiText>
                </div>
              </div>
            </EuiPanel>
          </EuiCard>
        </div>
      </EuiFlexItem>
    </div>
  </EuiFlexGroup>,
  <EuiSpacer>
    <div
      className="euiSpacer euiSpacer--l"
    />
  </EuiSpacer>,
]
`;
