// Jest Snapshot v1, https://goo.gl/fbAQLP

exports[`Integration Header Test Renders integration header as expected 1`] = `
<IntegrationHeader>
  <div>
    <EuiPageHeader>
      <header
        className="euiPageHeader euiPageHeader--responsive euiPageHeader--center"
      >
        <EuiPageHeaderSection>
          <div
            className="euiPageHeaderSection"
          >
            <EuiTitle
              data-test-subj="integrations-header"
              size="l"
            >
              <h1
                className="euiTitle euiTitle--large"
                data-test-subj="integrations-header"
              >
                Integrations
              </h1>
            </EuiTitle>
          </div>
        </EuiPageHeaderSection>
      </header>
    </EuiPageHeader>
    <EuiSpacer
      size="s"
    >
      <div
        className="euiSpacer euiSpacer--s"
      />
    </EuiSpacer>
    <EuiText
      color="subdued"
      size="s"
    >
      <div
        className="euiText euiText--small"
      >
        <EuiTextColor
          color="subdued"
          component="div"
        >
          <div
            className="euiTextColor euiTextColor--subdued"
          >
            View or add available integrations to use pre-canned assets immediately in your OpenSearch setup.
             
            <EuiLink
              external={true}
              href="https://opensearch.org/docs/latest/observability-plugin/operational-panels/"
              target="blank"
            >
              <a
                className="euiLink euiLink--primary"
                href="https://opensearch.org/docs/latest/observability-plugin/operational-panels/"
                rel="noreferrer"
                target="blank"
              >
                Learn more
                <EuiIcon
                  aria-label="External link"
                  className="euiLink__externalIcon"
                  size="s"
                  type="popout"
                >
                  <EuiIconEmpty
                    aria-hidden={true}
                    aria-label="External link"
                    className="euiIcon euiIcon--small euiIcon-isLoading euiLink__externalIcon"
                    focusable="false"
                    role="img"
                    style={null}
                  >
                    <svg
                      aria-hidden={true}
                      aria-label="External link"
                      className="euiIcon euiIcon--small euiIcon-isLoading euiLink__externalIcon"
                      focusable="false"
                      height={16}
                      role="img"
                      style={null}
                      viewBox="0 0 16 16"
                      width={16}
                      xmlns="http://www.w3.org/2000/svg"
                    />
                  </EuiIconEmpty>
                </EuiIcon>
              </a>
            </EuiLink>
          </div>
        </EuiTextColor>
      </div>
    </EuiText>
    <EuiSpacer
      size="l"
    >
      <div
        className="euiSpacer euiSpacer--l"
      />
    </EuiSpacer>
  </div>
</IntegrationHeader>
`;
