// Jest Snapshot v1, https://goo.gl/fbAQLP

exports[`Integration Setup Page Test Renders integration setup page as expected 1`] = `
<SetupIntegrationStepsPage>
  <EuiPage>
    <div
      className="euiPage euiPage--paddingMedium euiPage--grow"
    >
      <EuiPageBody>
        <div
          className="euiPageBody euiPageBody--borderRadiusNone"
        >
          <EuiFlexGroup>
            <div
              className="euiFlexGroup euiFlexGroup--gutterLarge euiFlexGroup--directionRow euiFlexGroup--responsive"
            >
              <EuiFlexItem>
                <div
                  className="euiFlexItem"
                >
                  <EuiSteps
                    steps={
                      Array [
                        Object {
                          "children": <EuiText />,
                          "status": "",
                          "title": "Name Integration",
                        },
                        Object {
                          "children": <EuiText />,
                          "status": "disabled",
                          "title": "Select index or data source for integration",
                        },
                      ]
                    }
                  >
                    <div
                      className="euiSteps"
                    >
                      <EuiStep
                        headingElement="p"
                        key="0"
                        status=""
                        step={1}
                        title="Name Integration"
                      >
                        <div
                          className="euiStep"
                        >
                          <div
                            className="euiStep__titleWrapper"
                          >
                            <EuiStepNumber
                              className="euiStep__circle"
                              isHollow={false}
                              number={1}
                              status=""
                              titleSize="s"
                            >
                              <span
                                className="euiStepNumber euiStep__circle"
                              >
                                <EuiScreenReaderOnly>
                                  <span
                                    className="euiScreenReaderOnly"
                                  >
                                    Step 1
                                  </span>
                                </EuiScreenReaderOnly>
                                <span
                                  aria-hidden="true"
                                  className="euiStepNumber__number"
                                >
                                  1
                                </span>
                              </span>
                            </EuiStepNumber>
                            <EuiTitle
                              className="euiStep__title"
                              size="s"
                            >
                              <p
                                className="euiTitle euiTitle--small euiStep__title"
                              >
                                Name Integration
                              </p>
                            </EuiTitle>
                          </div>
                          <div
                            className="euiStep__content"
                          >
                            <EuiText>
                              <div
                                className="euiText euiText--medium"
                              />
                            </EuiText>
                          </div>
                        </div>
                      </EuiStep>
                      <EuiStep
                        headingElement="p"
                        key="1"
                        status="disabled"
                        step={2}
                        title="Select index or data source for integration"
                      >
                        <div
                          className="euiStep euiStep-isDisabled"
                        >
                          <div
                            className="euiStep__titleWrapper"
                          >
                            <EuiStepNumber
                              className="euiStep__circle"
                              isHollow={false}
                              number={2}
                              status="disabled"
                              titleSize="s"
                            >
                              <span
                                className="euiStepNumber euiStepNumber--disabled euiStep__circle"
                              >
                                <EuiScreenReaderOnly>
                                  <span
                                    className="euiScreenReaderOnly"
                                  >
                                    Step 2 is disabled
                                  </span>
                                </EuiScreenReaderOnly>
                                <span
                                  aria-hidden="true"
                                  className="euiStepNumber__number"
                                >
                                  2
                                </span>
                              </span>
                            </EuiStepNumber>
                            <EuiTitle
                              className="euiStep__title"
                              size="s"
                            >
                              <p
                                className="euiTitle euiTitle--small euiStep__title"
                              >
                                Select index or data source for integration
                              </p>
                            </EuiTitle>
                          </div>
                          <div
                            className="euiStep__content"
                          >
                            <EuiText>
                              <div
                                className="euiText euiText--medium"
                              />
                            </EuiText>
                          </div>
                        </div>
                      </EuiStep>
                    </div>
                  </EuiSteps>
                </div>
              </EuiFlexItem>
              <EuiFlexItem>
                <div
                  className="euiFlexItem"
                >
                  <SetupIntegrationStep
                    activeStep={0}
                    config={
                      Object {
                        "dataSourceDescription": "",
                        "dataSourceFileType": "parquet",
                        "dataSourceLocation": "",
                        "dataSourceName": "",
                        "existingDataSourceName": "",
                        "instanceName": "",
                        "useExisting": true,
                      }
                    }
                    updateConfig={[Function]}
                  >
                    <SetupIntegrationMetadata
                      name=""
                      setName={[Function]}
                    >
                      <EuiForm>
                        <div
                          className="euiForm"
                        >
                          <EuiTitle>
                            <h1
                              className="euiTitle euiTitle--medium"
                            >
                              Name Integration
                            </h1>
                          </EuiTitle>
                          <EuiFormRow
                            describedByIds={Array []}
                            display="row"
                            fullWidth={false}
                            hasChildLabel={true}
                            hasEmptyLabelSpace={false}
                            helpText="The name will be used to label the newly added integration"
                            label="Name"
                            labelType="label"
                          >
                            <div
                              className="euiFormRow"
                              id="random_html_id-row"
                            >
                              <div
                                className="euiFormRow__labelWrapper"
                              >
                                <EuiFormLabel
                                  className="euiFormRow__label"
                                  htmlFor="random_html_id"
                                  isFocused={false}
                                  type="label"
                                >
                                  <label
                                    className="euiFormLabel euiFormRow__label"
                                    htmlFor="random_html_id"
                                  >
                                    Name
                                  </label>
                                </EuiFormLabel>
                              </div>
                              <div
                                className="euiFormRow__fieldWrapper"
                              >
                                <EuiFieldText
                                  aria-describedby="random_html_id-help-0"
                                  id="random_html_id"
                                  onBlur={[Function]}
                                  onChange={[Function]}
                                  onFocus={[Function]}
                                  value=""
                                >
                                  <EuiFormControlLayout
                                    fullWidth={false}
                                    inputId="random_html_id"
                                  >
                                    <div
                                      className="euiFormControlLayout"
                                    >
                                      <div
                                        className="euiFormControlLayout__childrenWrapper"
                                      >
                                        <EuiValidatableControl>
                                          <input
                                            aria-describedby="random_html_id-help-0"
                                            className="euiFieldText"
                                            id="random_html_id"
                                            onBlur={[Function]}
                                            onChange={[Function]}
                                            onFocus={[Function]}
                                            type="text"
                                            value=""
                                          />
                                        </EuiValidatableControl>
                                        <EuiFormControlLayoutIcons />
                                      </div>
                                    </div>
                                  </EuiFormControlLayout>
                                </EuiFieldText>
                                <EuiFormHelpText
                                  className="euiFormRow__text"
                                  id="random_html_id-help-0"
                                  key="The name will be used to label the newly added integration"
                                >
                                  <div
                                    className="euiFormHelpText euiFormRow__text"
                                    id="random_html_id-help-0"
                                  >
                                    The name will be used to label the newly added integration
                                  </div>
                                </EuiFormHelpText>
                              </div>
                            </div>
                          </EuiFormRow>
                        </div>
                      </EuiForm>
                    </SetupIntegrationMetadata>
                  </SetupIntegrationStep>
                </div>
              </EuiFlexItem>
            </div>
          </EuiFlexGroup>
          <SetupBottomBar
            config={
              Object {
                "dataSourceDescription": "",
                "dataSourceFileType": "parquet",
                "dataSourceLocation": "",
                "dataSourceName": "",
                "existingDataSourceName": "",
                "instanceName": "",
                "useExisting": true,
              }
            }
            setStep={[Function]}
            step={0}
          >
            <EuiBottomBar>
              <EuiPortal>
                <Portal
                  containerInfo={
                    <div>
                      <section
                        aria-label="Page level controls"
                        class="euiBottomBar euiBottomBar--fixed euiBottomBar--paddingMedium"
                      >
                        <h2
                          class="euiScreenReaderOnly"
                        >
                          Page level controls
                        </h2>
                        <div
                          class="euiFlexGroup euiFlexGroup--gutterLarge euiFlexGroup--justifyContentFlexEnd euiFlexGroup--directionRow euiFlexGroup--responsive"
                        >
                          <div
                            class="euiFlexItem euiFlexItem--flexGrowZero"
                          >
                            <button
                              class="euiButton euiButton--danger"
                              type="button"
                            >
                              <span
                                class="euiButtonContent euiButton__content"
                              >
                                <svg
                                  aria-hidden="true"
                                  class="euiIcon euiIcon--medium euiIcon--inherit euiIcon-isLoading euiButtonContent__icon"
                                  focusable="false"
                                  height="16"
                                  role="img"
                                  viewBox="0 0 16 16"
                                  width="16"
                                  xmlns="http://www.w3.org/2000/svg"
                                />
                                <span
                                  class="euiButton__text"
                                >
                                  Cancel
                                </span>
                              </span>
                            </button>
                          </div>
                          <div
                            class="euiFlexItem"
                          >
                            <div
                              class="euiSpacer euiSpacer--l"
                            />
                          </div>
                          <div
                            class="euiFlexItem euiFlexItem--flexGrowZero"
                          >
                            <button
                              class="euiButton euiButton--primary euiButton--fill"
                              type="button"
                            >
                              <span
                                class="euiButtonContent euiButton__content"
                              >
                                <svg
                                  aria-hidden="true"
                                  class="euiIcon euiIcon--medium euiIcon--inherit euiIcon-isLoading euiButtonContent__icon"
                                  focusable="false"
                                  height="16"
                                  role="img"
                                  viewBox="0 0 16 16"
                                  width="16"
                                  xmlns="http://www.w3.org/2000/svg"
                                />
                                <span
                                  class="euiButton__text"
                                >
                                  Next
                                </span>
                              </span>
                            </button>
                          </div>
                        </div>
                      </section>
                      <p
                        aria-live="assertive"
                        class="euiScreenReaderOnly"
                      >
                        There is a new region landmark with page level controls at the end of the document.
                      </p>
                    </div>
                  }
                >
                  <EuiI18n
                    default="Page level controls"
                    token="euiBottomBar.screenReaderHeading"
                  >
                    <section
                      aria-label="Page level controls"
                      className="euiBottomBar euiBottomBar--fixed euiBottomBar--paddingMedium"
                      style={
                        Object {
                          "bottom": undefined,
                          "left": undefined,
                          "right": undefined,
                          "top": undefined,
                        }
                      }
                    >
                      <EuiScreenReaderOnly>
                        <h2
                          className="euiScreenReaderOnly"
                        >
                          Page level controls
                        </h2>
                      </EuiScreenReaderOnly>
                      <EuiFlexGroup
                        justifyContent="flexEnd"
                      >
                        <div
                          className="euiFlexGroup euiFlexGroup--gutterLarge euiFlexGroup--justifyContentFlexEnd euiFlexGroup--directionRow euiFlexGroup--responsive"
                        >
                          <EuiFlexItem
                            grow={false}
                          >
                            <div
                              className="euiFlexItem euiFlexItem--flexGrowZero"
                            >
                              <EuiButton
                                color="danger"
                                iconType="cross"
                                onClick={[Function]}
                              >
                                <EuiButtonDisplay
                                  baseClassName="euiButton"
                                  color="danger"
                                  disabled={false}
                                  element="button"
                                  iconType="cross"
                                  isDisabled={false}
                                  onClick={[Function]}
                                  type="button"
                                >
                                  <button
                                    className="euiButton euiButton--danger"
                                    disabled={false}
                                    onClick={[Function]}
                                    style={
                                      Object {
                                        "minWidth": undefined,
                                      }
                                    }
                                    type="button"
                                  >
                                    <EuiButtonContent
                                      className="euiButton__content"
                                      iconSide="left"
                                      iconType="cross"
                                      textProps={
                                        Object {
                                          "className": "euiButton__text",
                                        }
                                      }
                                    >
                                      <span
                                        className="euiButtonContent euiButton__content"
                                      >
                                        <EuiIcon
                                          className="euiButtonContent__icon"
                                          color="inherit"
                                          size="m"
                                          type="cross"
                                        >
                                          <EuiIconEmpty
                                            aria-hidden={true}
                                            className="euiIcon euiIcon--medium euiIcon--inherit euiIcon-isLoading euiButtonContent__icon"
                                            focusable="false"
                                            role="img"
                                            style={null}
                                          >
                                            <svg
                                              aria-hidden={true}
                                              className="euiIcon euiIcon--medium euiIcon--inherit euiIcon-isLoading euiButtonContent__icon"
                                              focusable="false"
                                              height={16}
                                              role="img"
                                              style={null}
                                              viewBox="0 0 16 16"
                                              width={16}
                                              xmlns="http://www.w3.org/2000/svg"
                                            />
                                          </EuiIconEmpty>
                                        </EuiIcon>
                                        <span
                                          className="euiButton__text"
                                        >
                                          Cancel
                                        </span>
                                      </span>
                                    </EuiButtonContent>
                                  </button>
                                </EuiButtonDisplay>
                              </EuiButton>
                            </div>
                          </EuiFlexItem>
                          <EuiFlexItem>
                            <div
                              className="euiFlexItem"
                            >
                              <EuiSpacer>
                                <div
                                  className="euiSpacer euiSpacer--l"
                                />
                              </EuiSpacer>
                            </div>
                          </EuiFlexItem>
                          <EuiFlexItem
                            grow={false}
                          >
                            <div
                              className="euiFlexItem euiFlexItem--flexGrowZero"
                            >
                              <EuiButton
                                fill={true}
                                iconType="check"
                                onClick={[Function]}
                              >
                                <EuiButtonDisplay
                                  baseClassName="euiButton"
                                  disabled={false}
                                  element="button"
                                  fill={true}
                                  iconType="check"
                                  isDisabled={false}
                                  onClick={[Function]}
                                  type="button"
                                >
                                  <button
                                    className="euiButton euiButton--primary euiButton--fill"
                                    disabled={false}
                                    onClick={[Function]}
                                    style={
                                      Object {
                                        "minWidth": undefined,
                                      }
                                    }
                                    type="button"
                                  >
                                    <EuiButtonContent
                                      className="euiButton__content"
                                      iconSide="left"
                                      iconType="check"
                                      textProps={
                                        Object {
                                          "className": "euiButton__text",
                                        }
                                      }
                                    >
                                      <span
                                        className="euiButtonContent euiButton__content"
                                      >
                                        <EuiIcon
                                          className="euiButtonContent__icon"
                                          color="inherit"
                                          size="m"
                                          type="check"
                                        >
                                          <EuiIconEmpty
                                            aria-hidden={true}
                                            className="euiIcon euiIcon--medium euiIcon--inherit euiIcon-isLoading euiButtonContent__icon"
                                            focusable="false"
                                            role="img"
                                            style={null}
                                          >
                                            <svg
                                              aria-hidden={true}
                                              className="euiIcon euiIcon--medium euiIcon--inherit euiIcon-isLoading euiButtonContent__icon"
                                              focusable="false"
                                              height={16}
                                              role="img"
                                              style={null}
                                              viewBox="0 0 16 16"
                                              width={16}
                                              xmlns="http://www.w3.org/2000/svg"
                                            />
                                          </EuiIconEmpty>
                                        </EuiIcon>
                                        <span
                                          className="euiButton__text"
                                        >
                                          Next
                                        </span>
                                      </span>
                                    </EuiButtonContent>
                                  </button>
                                </EuiButtonDisplay>
                              </EuiButton>
                            </div>
                          </EuiFlexItem>
                        </div>
                      </EuiFlexGroup>
                    </section>
                  </EuiI18n>
                  <EuiScreenReaderOnly>
                    <p
                      aria-live="assertive"
                      className="euiScreenReaderOnly"
                    >
                      <EuiI18n
                        default="There is a new region landmark with page level controls at the end of the document."
                        token="euiBottomBar.screenReaderAnnouncement"
                      >
                        There is a new region landmark with page level controls at the end of the document.
                      </EuiI18n>
                    </p>
                  </EuiScreenReaderOnly>
                </Portal>
              </EuiPortal>
            </EuiBottomBar>
          </SetupBottomBar>
        </div>
      </EuiPageBody>
    </div>
  </EuiPage>
</SetupIntegrationStepsPage>
`;
